20 20
IIIIIMMMMMCCCCCGGGGG
IIIIMMMMMCCCCCCGGGGG
IIIIIIMMMCCCCCCCGGGG
IIIEIIIMMMMCCCCCCCCG
IEEEIMMMKMCCLLCGGGGG
EEEEEKMKKKLLLLLPPPGP
EEEEEKMMMKKLLLLLPPPP
EEEKKKMKKKLLLLPPPPPP
EEEEEKMKKKLLLLPPPBBP
EAEEEKKKKKLDLLLPBBPP
AAAEAOOKKODDLLDBBBBB
AAAEAAOKOOODLLDBBBBB
AAAAAAOKODDDDDDDDDBB
AAAAAAOKODDDDDBBBBBB
AAAAAOOOOODDFDDBNNNB
HAAAHJOOJJFDFFFNNNNN
HAHHHJJJJFFDDDFNNNNN
HAAHJJJJJJFDDFFNNNNN
HHAHJJJJJJFDDFNNNNNN
HHHHHJJJJJFFFFFNNNNN
