20 20
KKKKKEEEEEAAAAADDDDD
KKKKKEEEEEAAAAADDDDD
KKKKKKKEEEEEAAAADDDD
KKKKKEEEEEAAAAADDDDD
KKKKKEEEEEAAAAADDDDD
BBKBBCCECCIIAIIOODOO
BBBBBCCCCCIIIIIOOOOO
BBBBBBCCCCCIIIIIOOOO
BBBBBCCCCCIIIIIOOOOO
BBBBBCCCCCIIIIIOOOOO
HHBHHJJCJJMMIMMPPOPP
HHHHHJJJJJMMMMMPPPPP
HHHHHHJJJJJMMMMMPPPP
HHHHHJJJJJMMMMMPPPPP
HHHHHJJJJJMMMMMPPPPP
LLHLLFFJFFGGMGGNNPNN
LLLLLFFFFFGGGGGNNNNN
LLLLLLFFFFFGGGGGNNNN
LLLLLFFFFFGGGGGNNNNN
LLLLLFFFFFGGGGGNNNNN
