OK
OK
OK
OK
OK
OK
OK
OK
OK
OK
OK
OK
OK
OK
OK
OK
OK
OK
OK
OK
OK
OK
OK
OK
OK
OK
OK
OK
2 105
OK
OK
18 142
OK
OK
YES
OK
NO
OK
OK
OK
OK
OK
NO
OK
8 279
OK
OK
NO
OK
OK
OK
OK
OK
OK
30 429
OK
OK
OK
OK
OK
OK
OK
OK
OK
OK
26 55
22 350
OK
NO
17 225
ERROR
YES
17 429
OK
OK
OK
OK
17 259
25 272
OK
OK
10 338
OK
OK
17 40
OK
YES
17 264
OK
29 368
YES
OK
OK
OK
YES
OK
OK
OK
OK
OK
